------------------------------------------------------------
Timing Analyzer Summary
------------------------------------------------------------

Type  : Slow 1200mV 85C Model Setup 'clock_divider:div|clk_out'
Slack : -10.290
TNS   : -534.256

Type  : Slow 1200mV 85C Model Setup 'pll_inst|altpll_component|auto_generated|pll1|clk[0]'
Slack : -9.081
TNS   : -106.671

Type  : Slow 1200mV 85C Model Setup 'ball_off_x[10]'
Slack : -8.986
TNS   : -25.768

Type  : Slow 1200mV 85C Model Setup 'MAX10_CLK1_50'
Slack : -1.750
TNS   : -1.750

Type  : Slow 1200mV 85C Model Hold 'pll_inst|altpll_component|auto_generated|pll1|clk[0]'
Slack : 0.498
TNS   : 0.000

Type  : Slow 1200mV 85C Model Hold 'clock_divider:div|clk_out'
Slack : 0.676
TNS   : 0.000

Type  : Slow 1200mV 85C Model Hold 'MAX10_CLK1_50'
Slack : 0.988
TNS   : 0.000

Type  : Slow 1200mV 85C Model Hold 'ball_off_x[10]'
Slack : 1.342
TNS   : 0.000

Type  : Slow 1200mV 85C Model Minimum Pulse Width 'ball_off_x[10]'
Slack : -2.228
TNS   : -283.708

Type  : Slow 1200mV 85C Model Minimum Pulse Width 'clock_divider:div|clk_out'
Slack : -1.403
TNS   : -84.180

Type  : Slow 1200mV 85C Model Minimum Pulse Width 'MAX10_CLK1_50'
Slack : 9.637
TNS   : 0.000

Type  : Slow 1200mV 85C Model Minimum Pulse Width 'pll_inst|altpll_component|auto_generated|pll1|clk[0]'
Slack : 19.585
TNS   : 0.000

Type  : Slow 1200mV 0C Model Setup 'clock_divider:div|clk_out'
Slack : -9.238
TNS   : -480.676

Type  : Slow 1200mV 0C Model Setup 'ball_off_x[10]'
Slack : -8.360
TNS   : -23.914

Type  : Slow 1200mV 0C Model Setup 'pll_inst|altpll_component|auto_generated|pll1|clk[0]'
Slack : -8.061
TNS   : -94.676

Type  : Slow 1200mV 0C Model Setup 'MAX10_CLK1_50'
Slack : -1.533
TNS   : -1.533

Type  : Slow 1200mV 0C Model Hold 'pll_inst|altpll_component|auto_generated|pll1|clk[0]'
Slack : 0.419
TNS   : 0.000

Type  : Slow 1200mV 0C Model Hold 'clock_divider:div|clk_out'
Slack : 0.609
TNS   : 0.000

Type  : Slow 1200mV 0C Model Hold 'MAX10_CLK1_50'
Slack : 0.910
TNS   : 0.000

Type  : Slow 1200mV 0C Model Hold 'ball_off_x[10]'
Slack : 1.195
TNS   : 0.000

Type  : Slow 1200mV 0C Model Minimum Pulse Width 'ball_off_x[10]'
Slack : -2.033
TNS   : -235.258

Type  : Slow 1200mV 0C Model Minimum Pulse Width 'clock_divider:div|clk_out'
Slack : -1.403
TNS   : -84.180

Type  : Slow 1200mV 0C Model Minimum Pulse Width 'MAX10_CLK1_50'
Slack : 9.648
TNS   : 0.000

Type  : Slow 1200mV 0C Model Minimum Pulse Width 'pll_inst|altpll_component|auto_generated|pll1|clk[0]'
Slack : 19.575
TNS   : 0.000

Type  : Fast 1200mV 0C Model Setup 'ball_off_x[10]'
Slack : -3.847
TNS   : -11.158

Type  : Fast 1200mV 0C Model Setup 'clock_divider:div|clk_out'
Slack : -3.842
TNS   : -194.144

Type  : Fast 1200mV 0C Model Setup 'pll_inst|altpll_component|auto_generated|pll1|clk[0]'
Slack : -3.771
TNS   : -44.336

Type  : Fast 1200mV 0C Model Setup 'MAX10_CLK1_50'
Slack : -0.673
TNS   : -0.673

Type  : Fast 1200mV 0C Model Hold 'pll_inst|altpll_component|auto_generated|pll1|clk[0]'
Slack : 0.220
TNS   : 0.000

Type  : Fast 1200mV 0C Model Hold 'clock_divider:div|clk_out'
Slack : 0.264
TNS   : 0.000

Type  : Fast 1200mV 0C Model Hold 'MAX10_CLK1_50'
Slack : 0.377
TNS   : 0.000

Type  : Fast 1200mV 0C Model Hold 'ball_off_x[10]'
Slack : 0.661
TNS   : 0.000

Type  : Fast 1200mV 0C Model Minimum Pulse Width 'clock_divider:div|clk_out'
Slack : -1.000
TNS   : -60.000

Type  : Fast 1200mV 0C Model Minimum Pulse Width 'ball_off_x[10]'
Slack : -0.708
TNS   : -24.091

Type  : Fast 1200mV 0C Model Minimum Pulse Width 'MAX10_CLK1_50'
Slack : 9.329
TNS   : 0.000

Type  : Fast 1200mV 0C Model Minimum Pulse Width 'pll_inst|altpll_component|auto_generated|pll1|clk[0]'
Slack : 19.635
TNS   : 0.000

------------------------------------------------------------
