------------------------------------------------------------
Timing Analyzer Summary
------------------------------------------------------------

Type  : Slow 1200mV 85C Model Setup 'ball_off_x[10]'
Slack : -9.895
TNS   : -28.207

Type  : Slow 1200mV 85C Model Setup 'clock_divider:div|clk_out'
Slack : -9.801
TNS   : -524.929

Type  : Slow 1200mV 85C Model Setup 'pll_inst|altpll_component|auto_generated|pll1|clk[0]'
Slack : -9.374
TNS   : -111.768

Type  : Slow 1200mV 85C Model Setup 'MAX10_CLK1_50'
Slack : -1.860
TNS   : -1.860

Type  : Slow 1200mV 85C Model Hold 'pll_inst|altpll_component|auto_generated|pll1|clk[0]'
Slack : 0.502
TNS   : 0.000

Type  : Slow 1200mV 85C Model Hold 'clock_divider:div|clk_out'
Slack : 0.624
TNS   : 0.000

Type  : Slow 1200mV 85C Model Hold 'MAX10_CLK1_50'
Slack : 1.127
TNS   : 0.000

Type  : Slow 1200mV 85C Model Hold 'ball_off_x[10]'
Slack : 1.819
TNS   : 0.000

Type  : Slow 1200mV 85C Model Minimum Pulse Width 'ball_off_x[10]'
Slack : -2.407
TNS   : -298.613

Type  : Slow 1200mV 85C Model Minimum Pulse Width 'clock_divider:div|clk_out'
Slack : -1.403
TNS   : -84.180

Type  : Slow 1200mV 85C Model Minimum Pulse Width 'MAX10_CLK1_50'
Slack : 9.647
TNS   : 0.000

Type  : Slow 1200mV 85C Model Minimum Pulse Width 'pll_inst|altpll_component|auto_generated|pll1|clk[0]'
Slack : 19.585
TNS   : 0.000

Type  : Slow 1200mV 0C Model Setup 'ball_off_x[10]'
Slack : -9.014
TNS   : -25.967

Type  : Slow 1200mV 0C Model Setup 'clock_divider:div|clk_out'
Slack : -8.821
TNS   : -471.509

Type  : Slow 1200mV 0C Model Setup 'pll_inst|altpll_component|auto_generated|pll1|clk[0]'
Slack : -8.346
TNS   : -99.498

Type  : Slow 1200mV 0C Model Setup 'MAX10_CLK1_50'
Slack : -1.644
TNS   : -1.644

Type  : Slow 1200mV 0C Model Hold 'pll_inst|altpll_component|auto_generated|pll1|clk[0]'
Slack : 0.422
TNS   : 0.000

Type  : Slow 1200mV 0C Model Hold 'clock_divider:div|clk_out'
Slack : 0.557
TNS   : 0.000

Type  : Slow 1200mV 0C Model Hold 'MAX10_CLK1_50'
Slack : 1.040
TNS   : 0.000

Type  : Slow 1200mV 0C Model Hold 'ball_off_x[10]'
Slack : 1.594
TNS   : 0.000

Type  : Slow 1200mV 0C Model Minimum Pulse Width 'ball_off_x[10]'
Slack : -2.104
TNS   : -247.048

Type  : Slow 1200mV 0C Model Minimum Pulse Width 'clock_divider:div|clk_out'
Slack : -1.403
TNS   : -84.180

Type  : Slow 1200mV 0C Model Minimum Pulse Width 'MAX10_CLK1_50'
Slack : 9.655
TNS   : 0.000

Type  : Slow 1200mV 0C Model Minimum Pulse Width 'pll_inst|altpll_component|auto_generated|pll1|clk[0]'
Slack : 19.565
TNS   : 0.000

Type  : Fast 1200mV 0C Model Setup 'ball_off_x[10]'
Slack : -4.346
TNS   : -12.316

Type  : Fast 1200mV 0C Model Setup 'pll_inst|altpll_component|auto_generated|pll1|clk[0]'
Slack : -3.907
TNS   : -46.511

Type  : Fast 1200mV 0C Model Setup 'clock_divider:div|clk_out'
Slack : -3.564
TNS   : -190.520

Type  : Fast 1200mV 0C Model Setup 'MAX10_CLK1_50'
Slack : -0.652
TNS   : -0.652

Type  : Fast 1200mV 0C Model Hold 'pll_inst|altpll_component|auto_generated|pll1|clk[0]'
Slack : 0.222
TNS   : 0.000

Type  : Fast 1200mV 0C Model Hold 'clock_divider:div|clk_out'
Slack : 0.237
TNS   : 0.000

Type  : Fast 1200mV 0C Model Hold 'MAX10_CLK1_50'
Slack : 0.422
TNS   : 0.000

Type  : Fast 1200mV 0C Model Hold 'ball_off_x[10]'
Slack : 1.061
TNS   : 0.000

Type  : Fast 1200mV 0C Model Minimum Pulse Width 'clock_divider:div|clk_out'
Slack : -1.000
TNS   : -60.000

Type  : Fast 1200mV 0C Model Minimum Pulse Width 'ball_off_x[10]'
Slack : -0.706
TNS   : -39.294

Type  : Fast 1200mV 0C Model Minimum Pulse Width 'MAX10_CLK1_50'
Slack : 9.332
TNS   : 0.000

Type  : Fast 1200mV 0C Model Minimum Pulse Width 'pll_inst|altpll_component|auto_generated|pll1|clk[0]'
Slack : 19.635
TNS   : 0.000

------------------------------------------------------------
